------------------------------------------------------------
Timing Analyzer Summary
------------------------------------------------------------

Type  : Slow 1100mV 100C Model Setup 'ad1939_adc_abclk'
Slack : -3.528
TNS   : -6.979

Type  : Slow 1100mV 100C Model Setup 'u0|hps|fpga_interfaces|peripheral_spim0|sclk_out'
Slack : -3.475
TNS   : -3.475

Type  : Slow 1100mV 100C Model Setup 'ad1939_adc_alrclk'
Slack : -3.367
TNS   : -3.367

Type  : Slow 1100mV 100C Model Setup 'u0|ad1939_subsystem|sys_clk_from_ad1939_mclk_pll|altera_pll_i|general[0].gpll~PLL_OUTPUT_COUNTER|divclk'
Slack : 0.458
TNS   : 0.000

Type  : Slow 1100mV 100C Model Setup 'soc_system_passthrough:u0|soc_system_passthrough_hps:hps|soc_system_passthrough_hps_hps_io:hps_io|soc_system_passthrough_hps_hps_io_border:border|hps_sdram:hps_sdram_inst|hps_sdram_pll:pll|afi_clk_write_clk'
Slack : 1.574
TNS   : 0.000

Type  : Slow 1100mV 100C Model Setup 'n/a'
Slack : 4.583
TNS   : 0.000

Type  : Slow 1100mV 100C Model Setup 'fpga_clk1_50'
Slack : 4.805
TNS   : 0.000

Type  : Slow 1100mV 100C Model Setup 'altera_reserved_tck'
Slack : 9.588
TNS   : 0.000

Type  : Slow 1100mV 100C Model Hold 'soc_system_passthrough:u0|soc_system_passthrough_hps:hps|soc_system_passthrough_hps_hps_io:hps_io|soc_system_passthrough_hps_hps_io_border:border|hps_sdram:hps_sdram_inst|hps_sdram_pll:pll|afi_clk_write_clk'
Slack : 0.164
TNS   : 0.000

Type  : Slow 1100mV 100C Model Hold 'u0|ad1939_subsystem|sys_clk_from_ad1939_mclk_pll|altera_pll_i|general[0].gpll~PLL_OUTPUT_COUNTER|divclk'
Slack : 0.271
TNS   : 0.000

Type  : Slow 1100mV 100C Model Hold 'ad1939_adc_abclk'
Slack : 0.358
TNS   : 0.000

Type  : Slow 1100mV 100C Model Hold 'fpga_clk1_50'
Slack : 0.409
TNS   : 0.000

Type  : Slow 1100mV 100C Model Hold 'altera_reserved_tck'
Slack : 0.493
TNS   : 0.000

Type  : Slow 1100mV 100C Model Hold 'n/a'
Slack : 6.678
TNS   : 0.000

Type  : Slow 1100mV 100C Model Hold 'u0|hps|fpga_interfaces|peripheral_spim0|sclk_out'
Slack : 6.834
TNS   : 0.000

Type  : Slow 1100mV 100C Model Hold 'ad1939_adc_alrclk'
Slack : 21.560
TNS   : 0.000

Type  : Slow 1100mV 100C Model Recovery 'soc_system_passthrough:u0|soc_system_passthrough_hps:hps|soc_system_passthrough_hps_hps_io:hps_io|soc_system_passthrough_hps_hps_io_border:border|hps_sdram:hps_sdram_inst|hps_sdram_pll:pll|afi_clk_write_clk'
Slack : 3.040
TNS   : 0.000

Type  : Slow 1100mV 100C Model Recovery 'u0|ad1939_subsystem|sys_clk_from_ad1939_mclk_pll|altera_pll_i|general[0].gpll~PLL_OUTPUT_COUNTER|divclk'
Slack : 6.221
TNS   : 0.000

Type  : Slow 1100mV 100C Model Recovery 'fpga_clk1_50'
Slack : 11.849
TNS   : 0.000

Type  : Slow 1100mV 100C Model Recovery 'altera_reserved_tck'
Slack : 35.709
TNS   : 0.000

Type  : Slow 1100mV 100C Model Removal 'soc_system_passthrough:u0|soc_system_passthrough_hps:hps|soc_system_passthrough_hps_hps_io:hps_io|soc_system_passthrough_hps_hps_io_border:border|hps_sdram:hps_sdram_inst|hps_sdram_pll:pll|afi_clk_write_clk'
Slack : 0.562
TNS   : 0.000

Type  : Slow 1100mV 100C Model Removal 'fpga_clk1_50'
Slack : 0.696
TNS   : 0.000

Type  : Slow 1100mV 100C Model Removal 'u0|ad1939_subsystem|sys_clk_from_ad1939_mclk_pll|altera_pll_i|general[0].gpll~PLL_OUTPUT_COUNTER|divclk'
Slack : 0.782
TNS   : 0.000

Type  : Slow 1100mV 100C Model Removal 'altera_reserved_tck'
Slack : 1.152
TNS   : 0.000

Type  : Slow 1100mV 100C Model Minimum Pulse Width 'soc_system_passthrough:u0|soc_system_passthrough_hps:hps|soc_system_passthrough_hps_hps_io:hps_io|soc_system_passthrough_hps_hps_io_border:border|hps_sdram:hps_sdram_inst|hps_sdram_pll:pll|pll_write_clk_dq_write_clk'
Slack : 0.523
TNS   : 0.000

Type  : Slow 1100mV 100C Model Minimum Pulse Width 'soc_system_passthrough:u0|soc_system_passthrough_hps:hps|soc_system_passthrough_hps_hps_io:hps_io|soc_system_passthrough_hps_hps_io_border:border|hps_sdram:hps_sdram_inst|hps_sdram_pll:pll|afi_clk_write_clk'
Slack : 0.540
TNS   : 0.000

Type  : Slow 1100mV 100C Model Minimum Pulse Width 'u0|ad1939_subsystem|sys_clk_from_ad1939_mclk_pll|altera_pll_i|general[0].gpll~FRACTIONAL_PLL|vcoph[0]'
Slack : 1.271
TNS   : 0.000

Type  : Slow 1100mV 100C Model Minimum Pulse Width 'u0|ad1939_subsystem|sys_clk_from_ad1939_mclk_pll|altera_pll_i|general[0].gpll~PLL_OUTPUT_COUNTER|divclk'
Slack : 3.680
TNS   : 0.000

Type  : Slow 1100mV 100C Model Minimum Pulse Width 'fpga_clk1_50'
Slack : 8.867
TNS   : 0.000

Type  : Slow 1100mV 100C Model Minimum Pulse Width 'altera_reserved_tck'
Slack : 18.717
TNS   : 0.000

Type  : Slow 1100mV 100C Model Minimum Pulse Width 'ad1939_adc_abclk'
Slack : 39.873
TNS   : 0.000

Type  : Slow 1100mV 100C Model Minimum Pulse Width 'ad1939_mclk'
Slack : 40.420
TNS   : 0.000

Type  : Slow 1100mV 100C Model Minimum Pulse Width 'hps_i2c1_sclk'
Slack : 1249.730
TNS   : 0.000

Type  : Slow 1100mV -40C Model Setup 'ad1939_adc_abclk'
Slack : -3.232
TNS   : -6.368

Type  : Slow 1100mV -40C Model Setup 'u0|hps|fpga_interfaces|peripheral_spim0|sclk_out'
Slack : -3.131
TNS   : -3.131

Type  : Slow 1100mV -40C Model Setup 'ad1939_adc_alrclk'
Slack : -3.063
TNS   : -3.063

Type  : Slow 1100mV -40C Model Setup 'u0|ad1939_subsystem|sys_clk_from_ad1939_mclk_pll|altera_pll_i|general[0].gpll~PLL_OUTPUT_COUNTER|divclk'
Slack : 0.400
TNS   : 0.000

Type  : Slow 1100mV -40C Model Setup 'soc_system_passthrough:u0|soc_system_passthrough_hps:hps|soc_system_passthrough_hps_hps_io:hps_io|soc_system_passthrough_hps_hps_io_border:border|hps_sdram:hps_sdram_inst|hps_sdram_pll:pll|afi_clk_write_clk'
Slack : 1.573
TNS   : 0.000

Type  : Slow 1100mV -40C Model Setup 'fpga_clk1_50'
Slack : 5.314
TNS   : 0.000

Type  : Slow 1100mV -40C Model Setup 'n/a'
Slack : 5.725
TNS   : 0.000

Type  : Slow 1100mV -40C Model Setup 'altera_reserved_tck'
Slack : 9.721
TNS   : 0.000

Type  : Slow 1100mV -40C Model Hold 'soc_system_passthrough:u0|soc_system_passthrough_hps:hps|soc_system_passthrough_hps_hps_io:hps_io|soc_system_passthrough_hps_hps_io_border:border|hps_sdram:hps_sdram_inst|hps_sdram_pll:pll|afi_clk_write_clk'
Slack : 0.216
TNS   : 0.000

Type  : Slow 1100mV -40C Model Hold 'u0|ad1939_subsystem|sys_clk_from_ad1939_mclk_pll|altera_pll_i|general[0].gpll~PLL_OUTPUT_COUNTER|divclk'
Slack : 0.247
TNS   : 0.000

Type  : Slow 1100mV -40C Model Hold 'ad1939_adc_abclk'
Slack : 0.339
TNS   : 0.000

Type  : Slow 1100mV -40C Model Hold 'fpga_clk1_50'
Slack : 0.382
TNS   : 0.000

Type  : Slow 1100mV -40C Model Hold 'altera_reserved_tck'
Slack : 0.522
TNS   : 0.000

Type  : Slow 1100mV -40C Model Hold 'n/a'
Slack : 5.725
TNS   : 0.000

Type  : Slow 1100mV -40C Model Hold 'u0|hps|fpga_interfaces|peripheral_spim0|sclk_out'
Slack : 6.603
TNS   : 0.000

Type  : Slow 1100mV -40C Model Hold 'ad1939_adc_alrclk'
Slack : 21.453
TNS   : 0.000

Type  : Slow 1100mV -40C Model Recovery 'soc_system_passthrough:u0|soc_system_passthrough_hps:hps|soc_system_passthrough_hps_hps_io:hps_io|soc_system_passthrough_hps_hps_io_border:border|hps_sdram:hps_sdram_inst|hps_sdram_pll:pll|afi_clk_write_clk'
Slack : 3.130
TNS   : 0.000

Type  : Slow 1100mV -40C Model Recovery 'u0|ad1939_subsystem|sys_clk_from_ad1939_mclk_pll|altera_pll_i|general[0].gpll~PLL_OUTPUT_COUNTER|divclk'
Slack : 6.328
TNS   : 0.000

Type  : Slow 1100mV -40C Model Recovery 'fpga_clk1_50'
Slack : 12.380
TNS   : 0.000

Type  : Slow 1100mV -40C Model Recovery 'altera_reserved_tck'
Slack : 36.010
TNS   : 0.000

Type  : Slow 1100mV -40C Model Removal 'soc_system_passthrough:u0|soc_system_passthrough_hps:hps|soc_system_passthrough_hps_hps_io:hps_io|soc_system_passthrough_hps_hps_io_border:border|hps_sdram:hps_sdram_inst|hps_sdram_pll:pll|afi_clk_write_clk'
Slack : 0.590
TNS   : 0.000

Type  : Slow 1100mV -40C Model Removal 'fpga_clk1_50'
Slack : 0.651
TNS   : 0.000

Type  : Slow 1100mV -40C Model Removal 'u0|ad1939_subsystem|sys_clk_from_ad1939_mclk_pll|altera_pll_i|general[0].gpll~PLL_OUTPUT_COUNTER|divclk'
Slack : 0.733
TNS   : 0.000

Type  : Slow 1100mV -40C Model Removal 'altera_reserved_tck'
Slack : 1.056
TNS   : 0.000

Type  : Slow 1100mV -40C Model Minimum Pulse Width 'soc_system_passthrough:u0|soc_system_passthrough_hps:hps|soc_system_passthrough_hps_hps_io:hps_io|soc_system_passthrough_hps_hps_io_border:border|hps_sdram:hps_sdram_inst|hps_sdram_pll:pll|pll_write_clk_dq_write_clk'
Slack : 0.525
TNS   : 0.000

Type  : Slow 1100mV -40C Model Minimum Pulse Width 'soc_system_passthrough:u0|soc_system_passthrough_hps:hps|soc_system_passthrough_hps_hps_io:hps_io|soc_system_passthrough_hps_hps_io_border:border|hps_sdram:hps_sdram_inst|hps_sdram_pll:pll|afi_clk_write_clk'
Slack : 0.546
TNS   : 0.000

Type  : Slow 1100mV -40C Model Minimum Pulse Width 'u0|ad1939_subsystem|sys_clk_from_ad1939_mclk_pll|altera_pll_i|general[0].gpll~FRACTIONAL_PLL|vcoph[0]'
Slack : 1.271
TNS   : 0.000

Type  : Slow 1100mV -40C Model Minimum Pulse Width 'u0|ad1939_subsystem|sys_clk_from_ad1939_mclk_pll|altera_pll_i|general[0].gpll~PLL_OUTPUT_COUNTER|divclk'
Slack : 3.659
TNS   : 0.000

Type  : Slow 1100mV -40C Model Minimum Pulse Width 'fpga_clk1_50'
Slack : 8.822
TNS   : 0.000

Type  : Slow 1100mV -40C Model Minimum Pulse Width 'altera_reserved_tck'
Slack : 18.741
TNS   : 0.000

Type  : Slow 1100mV -40C Model Minimum Pulse Width 'ad1939_adc_abclk'
Slack : 39.969
TNS   : 0.000

Type  : Slow 1100mV -40C Model Minimum Pulse Width 'ad1939_mclk'
Slack : 40.444
TNS   : 0.000

Type  : Slow 1100mV -40C Model Minimum Pulse Width 'hps_i2c1_sclk'
Slack : 1249.754
TNS   : 0.000

Type  : Fast 1100mV 100C Model Setup 'u0|hps|fpga_interfaces|peripheral_spim0|sclk_out'
Slack : 0.261
TNS   : 0.000

Type  : Fast 1100mV 100C Model Setup 'soc_system_passthrough:u0|soc_system_passthrough_hps:hps|soc_system_passthrough_hps_hps_io:hps_io|soc_system_passthrough_hps_hps_io_border:border|hps_sdram:hps_sdram_inst|hps_sdram_pll:pll|afi_clk_write_clk'
Slack : 2.113
TNS   : 0.000

Type  : Fast 1100mV 100C Model Setup 'ad1939_adc_abclk'
Slack : 2.873
TNS   : 0.000

Type  : Fast 1100mV 100C Model Setup 'ad1939_adc_alrclk'
Slack : 2.988
TNS   : 0.000

Type  : Fast 1100mV 100C Model Setup 'u0|ad1939_subsystem|sys_clk_from_ad1939_mclk_pll|altera_pll_i|general[0].gpll~PLL_OUTPUT_COUNTER|divclk'
Slack : 3.417
TNS   : 0.000

Type  : Fast 1100mV 100C Model Setup 'n/a'
Slack : 9.684
TNS   : 0.000

Type  : Fast 1100mV 100C Model Setup 'fpga_clk1_50'
Slack : 11.103
TNS   : 0.000

Type  : Fast 1100mV 100C Model Setup 'altera_reserved_tck'
Slack : 12.295
TNS   : 0.000

Type  : Fast 1100mV 100C Model Hold 'soc_system_passthrough:u0|soc_system_passthrough_hps:hps|soc_system_passthrough_hps_hps_io:hps_io|soc_system_passthrough_hps_hps_io_border:border|hps_sdram:hps_sdram_inst|hps_sdram_pll:pll|afi_clk_write_clk'
Slack : 0.083
TNS   : 0.000

Type  : Fast 1100mV 100C Model Hold 'u0|ad1939_subsystem|sys_clk_from_ad1939_mclk_pll|altera_pll_i|general[0].gpll~PLL_OUTPUT_COUNTER|divclk'
Slack : 0.147
TNS   : 0.000

Type  : Fast 1100mV 100C Model Hold 'altera_reserved_tck'
Slack : 0.156
TNS   : 0.000

Type  : Fast 1100mV 100C Model Hold 'fpga_clk1_50'
Slack : 0.177
TNS   : 0.000

Type  : Fast 1100mV 100C Model Hold 'ad1939_adc_abclk'
Slack : 0.196
TNS   : 0.000

Type  : Fast 1100mV 100C Model Hold 'n/a'
Slack : 2.284
TNS   : 0.000

Type  : Fast 1100mV 100C Model Hold 'u0|hps|fpga_interfaces|peripheral_spim0|sclk_out'
Slack : 3.997
TNS   : 0.000

Type  : Fast 1100mV 100C Model Hold 'ad1939_adc_alrclk'
Slack : 16.143
TNS   : 0.000

Type  : Fast 1100mV 100C Model Recovery 'soc_system_passthrough:u0|soc_system_passthrough_hps:hps|soc_system_passthrough_hps_hps_io:hps_io|soc_system_passthrough_hps_hps_io_border:border|hps_sdram:hps_sdram_inst|hps_sdram_pll:pll|afi_clk_write_clk'
Slack : 3.731
TNS   : 0.000

Type  : Fast 1100mV 100C Model Recovery 'u0|ad1939_subsystem|sys_clk_from_ad1939_mclk_pll|altera_pll_i|general[0].gpll~PLL_OUTPUT_COUNTER|divclk'
Slack : 7.976
TNS   : 0.000

Type  : Fast 1100mV 100C Model Recovery 'fpga_clk1_50'
Slack : 14.567
TNS   : 0.000

Type  : Fast 1100mV 100C Model Recovery 'altera_reserved_tck'
Slack : 37.283
TNS   : 0.000

Type  : Fast 1100mV 100C Model Removal 'fpga_clk1_50'
Slack : 0.302
TNS   : 0.000

Type  : Fast 1100mV 100C Model Removal 'u0|ad1939_subsystem|sys_clk_from_ad1939_mclk_pll|altera_pll_i|general[0].gpll~PLL_OUTPUT_COUNTER|divclk'
Slack : 0.359
TNS   : 0.000

Type  : Fast 1100mV 100C Model Removal 'altera_reserved_tck'
Slack : 0.420
TNS   : 0.000

Type  : Fast 1100mV 100C Model Removal 'soc_system_passthrough:u0|soc_system_passthrough_hps:hps|soc_system_passthrough_hps_hps_io:hps_io|soc_system_passthrough_hps_hps_io_border:border|hps_sdram:hps_sdram_inst|hps_sdram_pll:pll|afi_clk_write_clk'
Slack : 0.497
TNS   : 0.000

Type  : Fast 1100mV 100C Model Minimum Pulse Width 'soc_system_passthrough:u0|soc_system_passthrough_hps:hps|soc_system_passthrough_hps_hps_io:hps_io|soc_system_passthrough_hps_hps_io_border:border|hps_sdram:hps_sdram_inst|hps_sdram_pll:pll|pll_write_clk_dq_write_clk'
Slack : 0.883
TNS   : 0.000

Type  : Fast 1100mV 100C Model Minimum Pulse Width 'soc_system_passthrough:u0|soc_system_passthrough_hps:hps|soc_system_passthrough_hps_hps_io:hps_io|soc_system_passthrough_hps_hps_io_border:border|hps_sdram:hps_sdram_inst|hps_sdram_pll:pll|afi_clk_write_clk'
Slack : 0.891
TNS   : 0.000

Type  : Fast 1100mV 100C Model Minimum Pulse Width 'u0|ad1939_subsystem|sys_clk_from_ad1939_mclk_pll|altera_pll_i|general[0].gpll~FRACTIONAL_PLL|vcoph[0]'
Slack : 1.271
TNS   : 0.000

Type  : Fast 1100mV 100C Model Minimum Pulse Width 'u0|ad1939_subsystem|sys_clk_from_ad1939_mclk_pll|altera_pll_i|general[0].gpll~PLL_OUTPUT_COUNTER|divclk'
Slack : 3.979
TNS   : 0.000

Type  : Fast 1100mV 100C Model Minimum Pulse Width 'fpga_clk1_50'
Slack : 8.508
TNS   : 0.000

Type  : Fast 1100mV 100C Model Minimum Pulse Width 'altera_reserved_tck'
Slack : 18.677
TNS   : 0.000

Type  : Fast 1100mV 100C Model Minimum Pulse Width 'ad1939_adc_abclk'
Slack : 39.802
TNS   : 0.000

Type  : Fast 1100mV 100C Model Minimum Pulse Width 'ad1939_mclk'
Slack : 40.037
TNS   : 0.000

Type  : Fast 1100mV 100C Model Minimum Pulse Width 'hps_i2c1_sclk'
Slack : 1249.347
TNS   : 0.000

Type  : Fast 1100mV -40C Model Setup 'u0|hps|fpga_interfaces|peripheral_spim0|sclk_out'
Slack : 0.705
TNS   : 0.000

Type  : Fast 1100mV -40C Model Setup 'soc_system_passthrough:u0|soc_system_passthrough_hps:hps|soc_system_passthrough_hps_hps_io:hps_io|soc_system_passthrough_hps_hps_io_border:border|hps_sdram:hps_sdram_inst|hps_sdram_pll:pll|afi_clk_write_clk'
Slack : 2.113
TNS   : 0.000

Type  : Fast 1100mV -40C Model Setup 'ad1939_adc_abclk'
Slack : 3.486
TNS   : 0.000

Type  : Fast 1100mV -40C Model Setup 'ad1939_adc_alrclk'
Slack : 3.609
TNS   : 0.000

Type  : Fast 1100mV -40C Model Setup 'u0|ad1939_subsystem|sys_clk_from_ad1939_mclk_pll|altera_pll_i|general[0].gpll~PLL_OUTPUT_COUNTER|divclk'
Slack : 4.968
TNS   : 0.000

Type  : Fast 1100mV -40C Model Setup 'n/a'
Slack : 11.715
TNS   : 0.000

Type  : Fast 1100mV -40C Model Setup 'fpga_clk1_50'
Slack : 12.240
TNS   : 0.000

Type  : Fast 1100mV -40C Model Setup 'altera_reserved_tck'
Slack : 12.676
TNS   : 0.000

Type  : Fast 1100mV -40C Model Hold 'soc_system_passthrough:u0|soc_system_passthrough_hps:hps|soc_system_passthrough_hps_hps_io:hps_io|soc_system_passthrough_hps_hps_io_border:border|hps_sdram:hps_sdram_inst|hps_sdram_pll:pll|afi_clk_write_clk'
Slack : 0.076
TNS   : 0.000

Type  : Fast 1100mV -40C Model Hold 'u0|ad1939_subsystem|sys_clk_from_ad1939_mclk_pll|altera_pll_i|general[0].gpll~PLL_OUTPUT_COUNTER|divclk'
Slack : 0.083
TNS   : 0.000

Type  : Fast 1100mV -40C Model Hold 'altera_reserved_tck'
Slack : 0.135
TNS   : 0.000

Type  : Fast 1100mV -40C Model Hold 'fpga_clk1_50'
Slack : 0.163
TNS   : 0.000

Type  : Fast 1100mV -40C Model Hold 'ad1939_adc_abclk'
Slack : 0.166
TNS   : 0.000

Type  : Fast 1100mV -40C Model Hold 'n/a'
Slack : 1.149
TNS   : 0.000

Type  : Fast 1100mV -40C Model Hold 'u0|hps|fpga_interfaces|peripheral_spim0|sclk_out'
Slack : 3.602
TNS   : 0.000

Type  : Fast 1100mV -40C Model Hold 'ad1939_adc_alrclk'
Slack : 15.577
TNS   : 0.000

Type  : Fast 1100mV -40C Model Recovery 'soc_system_passthrough:u0|soc_system_passthrough_hps:hps|soc_system_passthrough_hps_hps_io:hps_io|soc_system_passthrough_hps_hps_io_border:border|hps_sdram:hps_sdram_inst|hps_sdram_pll:pll|afi_clk_write_clk'
Slack : 3.843
TNS   : 0.000

Type  : Fast 1100mV -40C Model Recovery 'u0|ad1939_subsystem|sys_clk_from_ad1939_mclk_pll|altera_pll_i|general[0].gpll~PLL_OUTPUT_COUNTER|divclk'
Slack : 8.287
TNS   : 0.000

Type  : Fast 1100mV -40C Model Recovery 'fpga_clk1_50'
Slack : 15.670
TNS   : 0.000

Type  : Fast 1100mV -40C Model Recovery 'altera_reserved_tck'
Slack : 37.734
TNS   : 0.000

Type  : Fast 1100mV -40C Model Removal 'fpga_clk1_50'
Slack : 0.259
TNS   : 0.000

Type  : Fast 1100mV -40C Model Removal 'u0|ad1939_subsystem|sys_clk_from_ad1939_mclk_pll|altera_pll_i|general[0].gpll~PLL_OUTPUT_COUNTER|divclk'
Slack : 0.310
TNS   : 0.000

Type  : Fast 1100mV -40C Model Removal 'altera_reserved_tck'
Slack : 0.341
TNS   : 0.000

Type  : Fast 1100mV -40C Model Removal 'soc_system_passthrough:u0|soc_system_passthrough_hps:hps|soc_system_passthrough_hps_hps_io:hps_io|soc_system_passthrough_hps_hps_io_border:border|hps_sdram:hps_sdram_inst|hps_sdram_pll:pll|afi_clk_write_clk'
Slack : 0.463
TNS   : 0.000

Type  : Fast 1100mV -40C Model Minimum Pulse Width 'soc_system_passthrough:u0|soc_system_passthrough_hps:hps|soc_system_passthrough_hps_hps_io:hps_io|soc_system_passthrough_hps_hps_io_border:border|hps_sdram:hps_sdram_inst|hps_sdram_pll:pll|pll_write_clk_dq_write_clk'
Slack : 0.887
TNS   : 0.000

Type  : Fast 1100mV -40C Model Minimum Pulse Width 'soc_system_passthrough:u0|soc_system_passthrough_hps:hps|soc_system_passthrough_hps_hps_io:hps_io|soc_system_passthrough_hps_hps_io_border:border|hps_sdram:hps_sdram_inst|hps_sdram_pll:pll|afi_clk_write_clk'
Slack : 0.895
TNS   : 0.000

Type  : Fast 1100mV -40C Model Minimum Pulse Width 'u0|ad1939_subsystem|sys_clk_from_ad1939_mclk_pll|altera_pll_i|general[0].gpll~FRACTIONAL_PLL|vcoph[0]'
Slack : 1.271
TNS   : 0.000

Type  : Fast 1100mV -40C Model Minimum Pulse Width 'u0|ad1939_subsystem|sys_clk_from_ad1939_mclk_pll|altera_pll_i|general[0].gpll~PLL_OUTPUT_COUNTER|divclk'
Slack : 3.982
TNS   : 0.000

Type  : Fast 1100mV -40C Model Minimum Pulse Width 'fpga_clk1_50'
Slack : 8.439
TNS   : 0.000

Type  : Fast 1100mV -40C Model Minimum Pulse Width 'altera_reserved_tck'
Slack : 18.698
TNS   : 0.000

Type  : Fast 1100mV -40C Model Minimum Pulse Width 'ad1939_adc_abclk'
Slack : 39.736
TNS   : 0.000

Type  : Fast 1100mV -40C Model Minimum Pulse Width 'ad1939_mclk'
Slack : 39.964
TNS   : 0.000

Type  : Fast 1100mV -40C Model Minimum Pulse Width 'hps_i2c1_sclk'
Slack : 1249.274
TNS   : 0.000

------------------------------------------------------------
Info: see the "DDR report" for DDR timing results
------------------------------------------------------------
------------------------------------------------------------
